     1                                  ; Program Description:
     2                                  
     3                                  ; Author: Jenny Abella
     4                                  
     5                                  ; Creation Date:
     6                                  
     7                                  ; Revisions: 
     8                                  
     9                                  ; Date:              Modified by:
    10                                  
    11                                  ; Operating System: Linux Mint 64-bit 18 Mate
    12                                  
    13                                  ; IDE/Compiler: Geany / NASM
    14                                  
    15                                  %include "./functions.inc"
    16                              <1> ;
    17                              <1> ;Include file for the functions library
    18                              <1> ;
    19                              <1> sys_exit	equ	1h
    20                              <1> sys_read	equ	3h
    21                              <1> sys_write	equ	4h
    22                              <1> stdin		equ	0h
    23                              <1> stdout		equ	1h
    24                              <1> stderr		equ	3h
    25                              <1> 
    26                              <1> ;Print a string with no delimeter to the console
    27                              <1> ;Arguments:	Address of the String (Stack)
    28                              <1> ;			Length of the String (Stack)
    29                              <1> extern		PrintText
    30                              <1> 
    31                              <1> ;Print an endl character to the console
    32                              <1> ;Arguments:	None
    33                              <1> extern		Printendl
    34                              <1> 
    35                              <1> ;Print a 32bit numeric value as a Decimal to the console
    36                              <1> ;Arguments:	DWORD Value (stack)
    37                              <1> extern		Print32bitNumDecimal
    38                              <1> 
    39                              <1> ;Print a 32bit signed numeric value as a Decimal to the console
    40                              <1> ;Arguments:	DWORD Value (stack)
    41                              <1> extern		Print32bitSNumDecimal
    42                              <1> 
    43                              <1> ;Print a 32bit numeric value as a Binary to the console
    44                              <1> ;Arguments:	DWORD Value (stack)
    45                              <1> extern		Print32bitNumBinary
    46                              <1> 
    47                              <1> ;Print a 32bit numeric value as a Binary to the console
    48                              <1> ;Arguments:	DWORD Value (stack)
    49                              <1> extern		Print32bitFullBinary
    50                              <1> 
    51                              <1> ;
    52                              <1> ;Print a full 32-bits binary number in Floating Point format.
    53                              <1> ;Stack contents:
    54                              <1> ;	Value to Print to an Ascii String
    55                              <1> extern		Print32bitFloatBinary
    56                              <1> 
    57                              <1> ;Print a 32bit numeric value as a Hexidecimal to the console
    58                              <1> ;Arguments:	DWORD Value (stack)
    59                              <1> extern		Print32bitNumHex
    60                              <1> 
    61                              <1> ;Print The General Purpose Registers to the console
    62                              <1> ;Arguments:	None
    63                              <1> extern		PrintRegisters
    64                              <1> 
    65                              <1> ;Print The floating point Registers to the console
    66                              <1> ;Arguments:	None
    67                              <1> extern		PrintFloatingRegisters
    68                              <1> 
    69                              <1> ;Print a string with an ending 00h delimiter to the console
    70                              <1> ;Arguments:	Address of the String (Stack)
    71                              <1> extern		PrintString
    72                              <1> 
    73                              <1> ;Print a space to the console
    74                              <1> ;Arguments:	None
    75                              <1> extern		PrintSpace
    76                              <1> 
    77                              <1> ;Print a comma followed by a space to the console
    78                              <1> ;Arguments:	None
    79                              <1> extern		PrintComma
    80                              <1> 
    81                              <1> ;Print a Double Word floating point number
    82                              <1> ;Arguments: The floating point number to be printed (Stack)
    83                              <1> extern		PrintDWFloat
    84                              <1> 
    85                              <1> ;Call the function to get the CPU's Time Stamp Counter
    86                              <1> ;Arguments: None
    87                              <1> ;Return:  eax
    88                              <1> extern		GetTSC
    89                              <1> 
    90                              <1> ;Input Unsigned Int	
    91                              <1> ;This function will let the user input a string, then it will check it to make sure it
    92                              <1> ;is a positive integer.  It will then convert the ASCII string into a DWORD and return
    93                              <1> ;that value in the EAX register.
    94                              <1> ;Arguments: None
    95                              <1> ;Return: 	eax will contain the usigned ingeter
    96                              <1> ;			Carry flag will be set if invalid integer was input
    97                              <1> extern		InputUInt
    98                              <1> 
    99                              <1> ;Input Signed Int  TBD (just copied from input unsigned int - no code updated)
   100                              <1> ;This function will let the user input a string, then it will check it to make sure it
   101                              <1> ;is a positive integer.  It will then convert the ASCII string into a DWORD and return
   102                              <1> ;that value in the EAX register.
   103                              <1> ;Arguments: None
   104                              <1> ;Return: 	eax will contain the usigned ingeter
   105                              <1> ;			Carry flag will be set if invalid integer was input
   106                              <1> extern		InputSInt
   107                              <1> 
   108                              <1> ;Input Binary Number	
   109                              <1> ;This function will let the user input a string, then it will check it to make sure it
   110                              <1> ;is a binary number.  It will then convert the ASCII string into a DWORD and return
   111                              <1> ;that value in the EAX register.
   112                              <1> ;Arguments: None
   113                              <1> ;Return: 	eax will contain the number
   114                              <1> ;			Carry flag will be set if invalid binary number was input
   115                              <1> extern		InputBin
   116                              <1> 
   117                              <1> ;Input Hexidecimal Number	
   118                              <1> ;This function will let the user input a string, then it will check it to make sure it
   119                              <1> ;is a binary number.  It will then convert the ASCII string into a DWORD and return
   120                              <1> ;that value in the EAX register.
   121                              <1> ;Arguments: None
   122                              <1> ;Return: 	eax will contain the number
   123                              <1> ;			Carry flag will be set if invalid binary number was input
   124                              <1> extern		InputHex
   125                              <1> 
   126                              <1> ;Input a Floating Point Number	
   127                              <1> ;This function will let the user input a string, then it will check it to make sure it
   128                              <1> ;is a valid decimal number.  It will then convert the ASCII string into a DWORD and return
   129                              <1> ;that value in the ST(0) register.
   130                              <1> ;Arguments: None
   131                              <1> ;Return: 	eax will contain the number
   132                              <1> ;			Carry flag will be set if invalid binary number was input
   133                              <1> extern		InputFloat
   134                              <1> 
   135                                  
   136                                  bits 32
   137                                  
   138                                  section .data
   139                                  
   140                                    ;Initialized data definitions go here
   141                                  	
   142 00000000 57656C636F6D652074-     	openPrompt	db	"Welcome to my program", 0ah, 0dh, 0h
   143 00000009 6F206D792070726F67-
   144 00000012 72616D0A0D00       
   145 00000018 50726F6772616D2065-     	closePrompt	db	"Program ending, have a nice day.", 0ah, 0dh, 0h
   146 00000021 6E64696E672C206861-
   147 0000002A 76652061206E696365-
   148 00000033 206461792E0A0D00   
   149                                  	
   150                                  section .bss
   151                                    ;Uninitialized memory reservations go here
   152                                  
   153                                  section .text
   154                                  
   155                                  global _start
   156                                  _start:
   157 00000000 90                        nop
   158                                  
   159 00000001 68[00000000]            	push	openPrompt		;Print the opening/welcome prompt
   160 00000006 E8(00000000)            	call	PrintString		;
   161 0000000B E8(00000000)            	call	Printendl		;
   162                                  
   163                                  	;Code starts here
   164                                  	
   165 00000010 68[18000000]            	push	closePrompt		;Print the closing/ending prompt
   166 00000015 E8(00000000)            	call	PrintString		;
   167 0000001A E8(00000000)            	call	Printendl		;
   168                                  
   169                                  	;Code ends here	
   170 0000001F 90                      	nop
   171 00000020 B801000000              	mov eax,1 ; Exit system call value
   172 00000025 BB00000000              	mov ebx,0 ; Exit return code
   173 0000002A CD80                    	int 80h ; Call the kernel
